// Jest Snapshot v1, https://goo.gl/fbAQLP

exports[`DevJobs component should match the snapshot 1`] = `"<div class=\\"App\\"><div class=\\"app-header-class\\"><header class=\\"app-title-header\\"><a style=\\"text-decoration:none\\" href=\\"/\\"><p class=\\"app-title\\">devjobs</p></a></header><button style=\\"cursor:pointer;overflow:hidden;width:50px;height:23.5px;appearance:none;-moz-appearance:none;-webkit-appearance:none;border:none;background-color:transparent;padding:0\\" aria-hidden=\\"true\\" class=\\"dark-mode-toggle\\"><div style=\\"display:flex;align-items:center;justify-content:center;margin-top:-28.749999999999996px;margin-left:-16px;width:82.5px;height:82.5px\\"><div></div></div></button><form class=\\"search-form\\"><span><i class=\\"fa fa-search job-search\\" aria-hidden=\\"true\\"></i><input type=\\"searchInput\\" class=\\"search-input\\" id=\\"searchName\\" name=\\"searchName\\" value=\\"\\" placeholder=\\"Filter by Title, companies, expertise...\\"/></span><span><i class=\\"fa fa-map-marker\\" aria-hidden=\\"true\\"></i><input type=\\"searchLocation\\" class=\\"search-location\\" id=\\"locationName\\" list=\\"default\\" name=\\"locationName\\" value=\\"\\" placeholder=\\"Filter by Location...\\"/><datalist id=\\"default\\"><option value=\\"Default Location\\"></option></datalist></span><span><input type=\\"checkbox\\" class=\\"checkbox-field\\" style=\\"display:inline-block;margin:5px\\" id=\\"fullTime\\" name=\\"fullTime\\"/><label for=\\"fullTime\\" class=\\"checkbox-label\\">Full Time Only</label><input type=\\"button\\" class=\\"search-button\\" value=\\"Search\\"/></span></form></div><div style=\\"position:relative\\"><div class=\\"grid\\"></div><div class=\\"load-more\\"></div></div></div>"`;
