// Jest Snapshot v1, https://goo.gl/fbAQLP

exports[`Job Results component should match the snapshot with empty div for job info 1`] = `"<div><div class=\\"job-info\\"><img class=\\"w3-round-small job-info-image\\" style=\\"float:left\\" src=\\"xyz\\" alt=\\"Company 1\\" height=\\"100px\\" width=\\"100px\\"/><div class=\\"jobsite\\"><h2 class=\\"job-details-title\\">Company 1</h2><a target=\\"_blank\\" rel=\\"noopener noreferrer\\"><button class=\\"company-url-button\\">Company Site</button></a></div></div><div class=\\"job-description-body\\"><a target=\\"_blank\\" rel=\\"noopener noreferrer\\"><button class=\\"apply-now-button\\">Apply Now</button></a><p class=\\"days-type\\">1 month ago . Full Time</p><h3 class=\\"job-title\\">Java Developer</h3><p class=\\"job-location\\">New York</p><p class=\\"job-description\\"></p></div><div class=\\"how-to-apply\\"><h5>How to Apply</h5><p></p></div></div>"`;

exports[`Job Results component should match the snapshot with results 1`] = `"<div style=\\"position:relative\\"><div class=\\"grid\\"><div class=\\"grid-content\\"><img class=\\"w3-round-small\\" style=\\"position:absolute;top:-6%;background-color:white;left:2%;border:1px solid #ececec;padding:5px\\" src=\\"xyz\\" alt=\\"Company 1\\" height=\\"40px\\"/><p class=\\"days-type\\">1 month ago . Full Time</p><h4 class=\\"job-title\\">Java Developer</h4><p class=\\"company-name\\">Company 1</p><p class=\\"job-location\\">New York</p></div><div class=\\"grid-content\\"><img class=\\"w3-round-small\\" style=\\"position:absolute;top:-6%;background-color:white;left:2%;border:1px solid #ececec;padding:5px\\" src=\\"xyza\\" alt=\\"Company 2\\" height=\\"40px\\"/><p class=\\"days-type\\">2 weeks ago . Contract</p><h4 class=\\"job-title\\">React Developer</h4><p class=\\"company-name\\">Company 2</p><p class=\\"job-location\\">Kansas</p></div></div><div class=\\"load-more\\"></div></div>"`;

exports[`Job Results component should match the snapshot with results and load more button 1`] = `"<div style=\\"position:relative\\"><div class=\\"grid\\"><div class=\\"grid-content\\"><img class=\\"w3-round-small\\" style=\\"position:absolute;top:-6%;background-color:white;left:2%;border:1px solid #ececec;padding:5px\\" src=\\"xyz\\" alt=\\"Company 1\\" height=\\"40px\\"/><p class=\\"days-type\\">1 month ago . Full Time</p><h4 class=\\"job-title\\">Java Developer</h4><p class=\\"company-name\\">Company 1</p><p class=\\"job-location\\">New York</p></div><div class=\\"grid-content\\"><img class=\\"w3-round-small\\" style=\\"position:absolute;top:-6%;background-color:white;left:2%;border:1px solid #ececec;padding:5px\\" src=\\"xyza\\" alt=\\"Company 2\\" height=\\"40px\\"/><p class=\\"days-type\\">2 weeks ago . Contract</p><h4 class=\\"job-title\\">React Developer</h4><p class=\\"company-name\\">Company 2</p><p class=\\"job-location\\">Kansas</p></div></div><div class=\\"load-more\\"></div></div>"`;

exports[`Job Results component should match the snapshot with zero results 1`] = `"<div style=\\"position:relative\\"><div class=\\"grid\\"></div><div class=\\"load-more\\"></div></div>"`;
