// Jest Snapshot v1, https://goo.gl/fbAQLP

exports[`Job search component should match the snapshot 1`] = `"<form class=\\"search-form\\"><span><i class=\\"fa fa-search job-search\\" aria-hidden=\\"true\\"></i><input type=\\"searchInput\\" class=\\"search-input\\" id=\\"searchName\\" name=\\"searchName\\" value=\\"\\" placeholder=\\"Filter by Title, companies, expertise...\\"/></span><span><i class=\\"fa fa-map-marker\\" aria-hidden=\\"true\\"></i><input type=\\"searchLocation\\" class=\\"search-location\\" id=\\"locationName\\" list=\\"default\\" name=\\"locationName\\" value=\\"\\" placeholder=\\"Filter by Location...\\"/><datalist id=\\"default\\"><option value=\\"Default Location\\"></option></datalist></span><span><input type=\\"checkbox\\" class=\\"checkbox-field\\" style=\\"display:inline-block;margin:5px\\" id=\\"fullTime\\" name=\\"fullTime\\"/><label for=\\"fullTime\\" class=\\"checkbox-label\\">Full Time Only</label><input type=\\"button\\" class=\\"search-button\\" value=\\"Search\\"/></span></form>"`;
